// Jest Snapshot v1, https://goo.gl/fbAQLP

exports[`MovieCard should match the snapshot with all data passed correctly 1`] = `ShallowWrapper {}`;
